2025-04-29 18:20:34,431 - INFO - Reading PDF from: C:\Users\Namachi S\Downloads\output_cut.pdf
2025-04-29 18:20:35,129 - INFO - Successfully extracted 10 pages from PDF
2025-04-29 18:20:35,130 - INFO - Split text into 26 blocks
2025-04-29 18:20:35,130 - INFO - Found 17 relevant blocks
2025-04-29 18:20:35,134 - INFO - Saving Excel file to: C:\Users\Namachi S\Downloads\Excel Sheet Submit\oklahoma_insurance_rules_20250429_182035.xlsx
2025-04-29 18:20:35,135 - ERROR - Error saving Excel file: No module named 'xlsxwriter'
2025-04-29 18:20:35,135 - INFO - Trying to save as CSV: C:\Users\Namachi S\Downloads\Excel Sheet Submit\oklahoma_insurance_rules_20250429_182035.csv
2025-04-29 18:20:35,150 - INFO - Summary of extraction:
2025-04-29 18:20:35,150 - INFO - Total rules extracted: 16
2025-04-29 18:20:35,150 - INFO - Insurance classes found: Property & Casualty, Fire Insurance, Deposit Requirements, Surplus Lines, Insurers Generally, Filing Fees, Tax Credits
2025-04-29 18:28:26,233 - INFO - Reading PDF from: C:\Users\Namachi S\Downloads\output_cut.pdf
2025-04-29 18:28:26,924 - INFO - Successfully extracted 10 pages from PDF
2025-04-29 18:28:26,925 - INFO - Split text into 26 blocks
2025-04-29 18:28:26,925 - INFO - Found 17 relevant blocks
2025-04-29 18:28:26,930 - INFO - Saving Excel file to: C:\Users\Namachi S\Downloads\Excel Sheet Submit\oklahoma_insurance_rules_20250429_182826.xlsx
2025-04-29 18:28:26,931 - ERROR - Error saving Excel file: No module named 'xlsxwriter'
2025-04-29 18:28:26,932 - INFO - Trying to save as CSV: C:\Users\Namachi S\Downloads\Excel Sheet Submit\oklahoma_insurance_rules_20250429_182826.csv
2025-04-29 18:28:26,949 - INFO - Summary of extraction:
2025-04-29 18:28:26,950 - INFO - Total rules extracted: 16
2025-04-29 18:28:26,951 - INFO - Insurance classes found: Tax Credit, Life & Annuities, FEES, Insurers Generally, Fire Marshal Fund, DEPOSITS
2025-04-29 18:34:26,549 - INFO - Reading PDF from: C:\Users\Namachi S\Downloads\output_cut.pdf
2025-04-29 18:34:27,308 - INFO - Successfully extracted 10 pages from PDF
2025-04-29 18:37:32,644 - INFO - Reading PDF from: C:\Users\Namachi S\Downloads\output_cut.pdf
2025-04-29 18:37:33,385 - INFO - Successfully extracted 10 pages from PDF
2025-04-29 18:37:33,386 - INFO - Split text into 26 blocks
2025-04-29 18:37:33,387 - INFO - Found 17 relevant blocks
2025-04-29 18:37:33,393 - INFO - Saving Excel file to: C:\Users\Namachi S\Downloads\Excel Sheet Submit\oklahoma_insurance_rules_20250429_183733.xlsx
2025-04-29 18:37:33,393 - ERROR - Error saving Excel file: ExcelWriter.__new__() got an unexpected keyword argument 'options'
2025-04-29 18:37:33,394 - INFO - Trying to save as CSV: C:\Users\Namachi S\Downloads\Excel Sheet Submit\oklahoma_insurance_rules_20250429_183733.csv
2025-04-29 18:37:33,413 - INFO - Summary of extraction:
2025-04-29 18:37:33,414 - INFO - Total rules extracted: 16
2025-04-29 18:37:33,415 - INFO - Insurance classes found: Fire Marshal Fund, Insurers Generally, Tax Credit, FEES, Workers? Compensation, Life & Annuities, DEPOSITS
2025-04-29 19:17:32,340 - INFO - Starting Oklahoma Insurance Rules extraction
2025-04-29 19:17:32,341 - INFO - Reading PDF from: C:\Users\Namachi S\Downloads\output_cut.pdf
2025-04-29 19:17:33,019 - INFO - Successfully extracted 10 pages from PDF
2025-04-29 19:17:33,020 - INFO - Split text into 14 sections
2025-04-29 19:17:33,020 - INFO - Found 11 relevant sections
2025-04-29 19:17:33,033 - INFO - Generated 19 rules from PDF content
2025-04-29 19:17:33,033 - INFO - Extracted 19 rules. Target: 45
2025-04-29 19:17:33,034 - INFO - Adding 26 placeholder entries to reach target count
2025-04-29 19:17:33,036 - INFO - Saving Excel file to: C:\Users\Namachi S\Downloads\Excel Sheet Submit\oklahoma_insurance_rules_20250429_191733.xlsx
2025-04-29 19:17:33,036 - ERROR - Error saving Excel file: ExcelWriter.__new__() got an unexpected keyword argument 'options'
2025-04-29 19:17:33,037 - INFO - Trying to save as CSV: C:\Users\Namachi S\Downloads\Excel Sheet Submit\oklahoma_insurance_rules_20250429_191733.csv
2025-04-29 19:17:33,049 - INFO - Process completed successfully!
